  1 known removal(s) from configs/known-removals.json
  [  1] GA52GNOR  1 page(s), back to ledger 61299434, 0 offer op(s) floor
  [  2] GA65TDIO  3 page(s), back to ledger 61299979, 0 offer op(s) floor
  [  3] GA6SYMFV  7 page(s), back to ledger 61299993, 0 offer op(s) floor
  [  4] GAAS5T3X  1 page(s), back to ledger 61298570, 0 offer op(s) floor
  [  5] GABFRFPY  21 page(s), back to ledger 61299994, 210 offer op(s) floor
  [  6] GABGQYAH  1 page(s), back to ledger 61298356, 0 offer op(s) floor
  [  7] GABIOWBZ  7 page(s), back to ledger 61299980, 0 offer op(s) floor
  [  8] GABP2PTD  1 page(s), back to ledger 61299896, 0 offer op(s) floor
  [  9] GADSSHSO  1 page(s), back to ledger 61298360, 0 offer op(s) floor
  [ 10] GAIN2HU2  1 page(s), back to ledger 61299858, 0 offer op(s) floor
  [ 11] GAL6OAYM  48 page(s), back to ledger 61298581, 0 offer op(s) floor
  [ 12] GALVH3VM  1 page(s), back to ledger 61299898, 0 offer op(s) floor
  [ 13] GANUMAF4  1 page(s), back to ledger 61298390, 0 offer op(s) floor
  [ 14] GAORKTKZ  50 page(s), back to ledger 61299891, 0 offer op(s) floor
  [ 15] GARUTRW4  1 page(s), back to ledger 61298993, 0 offer op(s) floor
  [ 16] GASB76SY  20 page(s), back to ledger 61299989, 0 offer op(s) floor
  [ 17] GAZRGNL3  1 page(s), back to ledger 61299998, 0 offer op(s) floor
  [ 18] GB37DH4C  1 page(s), back to ledger 60713369, 0 offer op(s) floor
  [ 19] GB3JCHJU  8 page(s), back to ledger 61299987, 0 offer op(s) floor
  [ 20] GB6YM6S6  10 page(s), back to ledger 61299996, 0 offer op(s) floor
  [ 21] GB7FZIUY  25 page(s), back to ledger 61299994, 0 offer op(s) floor
  [ 22] GB7QIGUV  1 page(s), back to ledger 61298552, 0 offer op(s) floor
  [ 23] GBJCXOUY  1 page(s), back to ledger 61298428, 0 offer op(s) floor
  [ 24] GBLKUBEV  3 page(s), back to ledger 61299804, 0 offer op(s) floor
  [ 25] GBLVLKGR  44 page(s), back to ledger 61299999, 0 offer op(s) floor
  [ 26] GBO7VUL2  1 page(s), back to ledger 61231534, 10 offer op(s) floor
  [ 27] GBOA3PJZ  31 page(s), back to ledger 61299983, 0 offer op(s) floor
  [ 28] GBOKE2UY  1 page(s), back to ledger 61298438, 0 offer op(s) floor
  [ 29] GBPFB6XN  1 page(s), back to ledger 61246996, 0 offer op(s) floor
  [ 30] GBU6CDUC  1 page(s), back to ledger 61299880, 0 offer op(s) floor
  [ 31] GBUN72VK  1 page(s), back to ledger 61298449, 0 offer op(s) floor
  [ 32] GBUYVJG3  10 page(s), back to ledger 61299982, 0 offer op(s) floor
  [ 33] GBWST4RM  1 page(s), back to ledger 61299991, 0 offer op(s) floor
  [ 34] GC5KTDTX  1 page(s), back to ledger 61298618, 0 offer op(s) floor
  [ 35] GCD4ATZU  1 page(s), back to ledger 61340262, 0 offer op(s)
  [ 36] GCHIITVO  1 page(s), back to ledger 61298498, 0 offer op(s) floor
  [ 37] GCI52IP2  60 page(s), back to ledger 61323587, 0 offer op(s) TRUNCATED
  [ 38] GCIMGUEF  1 page(s), back to ledger 61299705, 0 offer op(s) floor
  [ 39] GCKYL647  1 page(s), back to ledger 61299934, 0 offer op(s) floor
  [ 40] GCL47PX4  1 page(s), back to ledger 61298504, 0 offer op(s) floor
  [ 41] GCNEN4BO  1 page(s), back to ledger 61340262, 0 offer op(s)
  [ 42] GCNF5GNR  2 page(s), back to ledger 61339909, 2 offer op(s)
  [ 43] GCO2LXEV  1 page(s), back to ledger 61340262, 0 offer op(s)
  [ 44] GCO45COW  60 page(s), back to ledger 61321506, 0 offer op(s) TRUNCATED
  [ 45] GCQFKEQV  1 page(s), back to ledger 61299994, 0 offer op(s) floor
  [ 46] GCTDUG2C  1 page(s), back to ledger 61299927, 0 offer op(s) floor
  [ 47] GCVOKGO6  6 page(s), back to ledger 61299993, 0 offer op(s) floor
  [ 48] GCXJ4V7U  2 page(s), back to ledger 61299855, 0 offer op(s) floor
  [ 49] GCY7AY7O  60 page(s), back to ledger 61331393, 0 offer op(s) TRUNCATED
  [ 50] GD327MCK  16 page(s), back to ledger 61299989, 0 offer op(s) floor
  [ 51] GD3EXP7G  7 page(s), back to ledger 61299927, 0 offer op(s) floor
  [ 52] GDB3RGT2  60 page(s), back to ledger 61322196, 0 offer op(s) TRUNCATED
  [ 53] GDDYAJ32  1 page(s), back to ledger 61298873, 0 offer op(s) floor
  [ 54] GDFPIIQJ  1 page(s), back to ledger 61340262, 0 offer op(s)
  [ 55] GDGEKTSK  1 page(s), back to ledger 61298555, 0 offer op(s) floor
  [ 56] GDGSUS32  1 page(s), back to ledger 61298556, 0 offer op(s) floor
  [ 57] GDHRCQNC  1 page(s), back to ledger 61231719, 4 offer op(s) floor
  [ 58] GDJSH2NU  1 page(s), back to ledger 61294609, 2 offer op(s) floor
  [ 59] GDJSHJAL  9 page(s), back to ledger 61299989, 0 offer op(s) floor
  [ 60] GDJTPPRH  1 page(s), back to ledger 61340262, 0 offer op(s)
  [ 61] GDNSP5GY  3 page(s), back to ledger 61299507, 0 offer op(s) floor
  [ 62] GDQIPBAW  1 page(s), back to ledger 61299922, 0 offer op(s) floor
  [ 63] GDQY3T2Z  1 page(s), back to ledger 61299240, 0 offer op(s) floor
  [ 64] GDS42IGG  1 page(s), back to ledger 61297833, 0 offer op(s) floor
  [ 65] GDSANA2X  1 page(s), back to ledger 61299839, 0 offer op(s) floor
USTRY:GCRYUGD5NVARGXT56XEZI5CIFCQETYHAPQQTHO2O3IQZTHDH4LATMYWC/USDC:GA5ZSEJYB37JRC5AVCIA5MOP4RHTM335X2KGX3IHOJAPP5RE34K4KZVN at ledger 61340262
  dataSource offers-implied, 1 bid level(s), 1 ask level(s)
    ask 0  price 106.7372828 (266843207/2500000)  amount 1.2185312
    bid 0  price 1.057 (1057/1000)  amount 0.0001
  read 740 trade(s), walked 65 account(s) (58 from trades, 7 only from the live offer book)
  228 offer operation(s) applied, 624 Horizon request(s)
  completeness: 4 account walk(s) truncated, 55 stopped at the ledger floor, 0 failed, 0 result(s) unsizable, 28 offer(s) named by trades but never seen
  windows: offers applied back to ledger 61303621, trades read from ledger 61300000
    missing offer ids (first 10): [1823025211 1823051768 1823841098 1823936136 1824791851 1824791852 1824791853 1824791854 1824791855 1824791856]
  THIS BOOK IS INCOMPLETE. A missing offer reads as thin depth, so do not quote a depth figure from it
  metrics row 1: inserted=true, ledger=61340262, methodology=1.0.8-draft, source=offers-implied, pool evidence=docs/evidences/USTRY.GCRYUGD5-USDC.GA5ZSEJY-pool-evidence-2026-02-22.json (1 pools)
  --- methodology 1.0.8-draft risk with supplied pool evidence ---
    P0 1.0555441846982006 from pool, spread 10011.9241176 percent
    depth  delta 0.02  buy 0.1630695103854114496895076595  sell 0.1638274547298586913725614870844582958116647735
    depth  delta 0.05  buy 0.4047049438672008726601091829  sell 0.412575209274610139947760640608245003952110691241
    depth  delta 0.1   buy 0.7998834132855279406733710749  sell 0.836049701911270700597398734064136512233635434444
    cost   delta 0.5   target 1.5833162770473009  cost 0  reachable true
    cost   delta 1     target 2.1110883693964012  cost 0  reachable true
    cost   delta 10    target 11.6109860316802066  cost 0  reachable true
    cost   delta 100   target 106.6099626545182606  cost 0  reachable true
    maxReachablePrice null  costToMaxReachablePrice null
    band CRITICAL (partial), flags [MANIPULATION_CHEAP PRICE_SOURCE_CONFLICT SPREAD_EXTREME THIN_DEPTH_5PCT]
    unevaluated [MANIPULATION_RATIO_LOW NO_GENUINE_TRADE_30D HOLDER_CONCENTRATION_EXTREME NO_GENUINE_TRADE_7D HOLDER_CONCENTRATION_HIGH WASH_TRADE_SUSPECTED]
    warning: maxReachablePrice and costToMaxReachablePrice are null because an active pool is present: under a constant product curve the price tends to infinity as the base reserve tends to zero, so every target is reachable and a highest price has no meaning
